W1_n2                        aer-1t-nofusion  median 0.0006s linf 0.0
W1_n2                        aer-default      median 0.0016s linf 0.0
W1_n4                        aer-1t-nofusion  median 0.0011s linf 0.0
W1_n4                        aer-default      median 0.0011s linf 0.0
W1_n8                        aer-1t-nofusion  median 0.0011s linf 0.0
W1_n8                        aer-default      median 0.0022s linf 0.0
W1_n12                       aer-1t-nofusion  median 0.0028s linf 0.0
W1_n12                       aer-default      median 0.0017s linf 0.0
W1_n16                       aer-1t-nofusion  median 0.0120s linf 0.0
W1_n16                       aer-default      median 0.0064s linf 0.0
W1_n20                       aer-1t-nofusion  median 0.1312s linf 0.0
W1_n20                       aer-default      median 0.0427s linf 0.0
W1_n22                       aer-1t-nofusion  median 0.4785s linf 0.0
W1_n22                       aer-default      median 0.1497s linf 0.0
W1_n24                       aer-1t-nofusion  median 1.9557s linf 1.1102230246251565e-16
W1_n24                       aer-default      median 0.6777s linf 1.1102230246251565e-16
W1_n26                       aer-1t-nofusion  median 8.7281s linf 1.1102230246251565e-16
W1_n26                       aer-default      median 2.9363s linf 1.1102230246251565e-16
W2_n16_d10_s1                aer-1t-nofusion  median 0.0728s linf 3.7730235602495554e-17
W2_n16_d10_s1                aer-default      median 0.0189s linf 3.4737810535209724e-17
W2_n16_d20_s1                aer-1t-nofusion  median 0.1367s linf 7.48950663463744e-17
W2_n16_d20_s1                aer-default      median 0.0408s linf 6.619851161367215e-17
W2_n18_d10_s1                aer-1t-nofusion  median 0.3273s linf 1.9991700259847277e-17
W2_n18_d10_s1                aer-default      median 0.0675s linf 1.8297015907360072e-17
W2_n18_d20_s1                aer-1t-nofusion  median 0.6494s linf 4.0320661043207817e-17
W2_n18_d20_s1                aer-default      median 0.1156s linf 3.6232472879977847e-17
W2_n20_d10_s1                aer-1t-nofusion  median 1.3959s linf 1.202829350736035e-17
W2_n20_d10_s1                aer-default      median 0.1636s linf 1.0426395233446943e-17
W2_n20_d20_s1                aer-1t-nofusion  median 2.9128s linf 2.4597773319047554e-17
W2_n20_d20_s1                aer-default      median 0.4233s linf 2.0749941465440027e-17
W2_n22_d10_s1                aer-1t-nofusion  median 6.7182s linf 8.02602581761742e-18
W2_n22_d10_s1                aer-default      median 0.7647s linf 7.401218598874012e-18
W2_n22_d20_s1                aer-1t-nofusion  median 13.3247s linf 1.5029404327983554e-17
W2_n22_d20_s1                aer-default      median 1.9230s linf 1.3159999342957719e-17
W6_n16_d10_s1                aer-1t-nofusion  median 0.1066s linf 3.7730235602495554e-17
W6_n16_d10_s1                aer-default      median 0.0280s linf 3.4737810535209724e-17
W6_n18_d10_s1                aer-1t-nofusion  median 0.3120s linf 1.9991700259847277e-17
W6_n18_d10_s1                aer-default      median 0.0429s linf 1.8297015907360072e-17
W6_n20_d10_s1                aer-1t-nofusion  median 1.4876s linf 1.202829350736035e-17
W6_n20_d10_s1                aer-default      median 0.1653s linf 1.0426395233446943e-17
W4ghz_n50_chi16              aer-1t-nofusion  median 0.0212s linf 0.0
W4ghz_n50_chi16              aer-default      median 0.0184s linf 0.0
W4ghz_n100_chi16             aer-1t-nofusion  median 0.0332s linf 0.0
W4ghz_n100_chi16             aer-default      median 0.0339s linf 0.0
W4ghz_n250_chi16             aer-1t-nofusion  median 0.0782s linf 0.0
W4ghz_n250_chi16             aer-default      median 0.0691s linf 0.0
W4ghz_n500_chi16             aer-1t-nofusion  median 0.1576s linf 0.0
W4ghz_n500_chi16             aer-default      median 0.1197s linf 0.0
W4ghz_n1000_chi16            aer-1t-nofusion  median 0.2688s linf 0.0
W4ghz_n1000_chi16            aer-default      median 0.2608s linf 0.0
W4brick_n50_d2_chi16_s1      aer-1t-nofusion  median 0.0191s linf 1.3932022202567396e-11
W4brick_n50_d2_chi16_s1      aer-default      median 0.0166s linf 1.3932022202567396e-11
W4brick_n50_d2_chi32_s1      aer-1t-nofusion  median 0.0223s linf 1.3932022202567396e-11
W4brick_n50_d2_chi32_s1      aer-default      median 0.0147s linf 1.3932022202567396e-11
W4brick_n50_d4_chi16_s1      aer-1t-nofusion  median 0.0260s linf 4.0459247063751036e-11
W4brick_n50_d4_chi16_s1      aer-default      median 0.0231s linf 4.0459247063751036e-11
W4brick_n50_d4_chi32_s1      aer-1t-nofusion  median 0.0183s linf 4.0459247063751036e-11
W4brick_n50_d4_chi32_s1      aer-default      median 0.0319s linf 4.0459247063751036e-11
W4brick_n50_d8_chi16_s1      aer-1t-nofusion  median 0.0435s linf 8.47729941799713e-11
W4brick_n50_d8_chi16_s1      aer-default      median 0.0634s linf 8.47729941799713e-11
W4brick_n50_d8_chi32_s1      aer-1t-nofusion  median 0.0391s linf 8.476772062060434e-11
W4brick_n50_d8_chi32_s1      aer-default      median 0.0484s linf 8.476772062060434e-11
W4brick_n100_d2_chi16_s1     aer-1t-nofusion  median 0.0416s linf 4.766242955867028e-12
W4brick_n100_d2_chi16_s1     aer-default      median 0.0266s linf 4.766242955867028e-12
W4brick_n100_d2_chi32_s1     aer-1t-nofusion  median 0.0320s linf 4.766242955867028e-12
W4brick_n100_d2_chi32_s1     aer-default      median 0.0327s linf 4.766242955867028e-12
W4brick_n100_d4_chi16_s1     aer-1t-nofusion  median 0.0474s linf 2.2345902905840376e-11
W4brick_n100_d4_chi16_s1     aer-default      median 0.0353s linf 2.2345902905840376e-11
W4brick_n100_d4_chi32_s1     aer-1t-nofusion  median 0.0491s linf 2.2345902905840376e-11
W4brick_n100_d4_chi32_s1     aer-default      median 0.0595s linf 2.2345902905840376e-11
W4brick_n100_d8_chi16_s1     aer-1t-nofusion  median 0.0982s linf 7.782102739994912e-11
W4brick_n100_d8_chi16_s1     aer-default      median 0.0974s linf 7.782102739994912e-11
W4brick_n100_d8_chi32_s1     aer-1t-nofusion  median 0.0933s linf 7.811878921515358e-11
W4brick_n100_d8_chi32_s1     aer-default      median 0.0940s linf 7.811878921515358e-11
wrote bench_results/quantum_compare/2026-09-25_after_i7-11390H_win11\results_aer.jsonl
