== W1_n2 (2 gates)
   rust  median 0.0000s  sha bd58c72f3b71  replay Some(true)
   eval  median 0.0000s  sha bd58c72f3b71  replay Some(true)
   mir   median 0.0000s  sha bd58c72f3b71  replay Some(true)
== W1_n4 (4 gates)
   rust  median 0.0000s  sha 274479e5a5a8  replay Some(true)
   eval  median 0.0000s  sha 274479e5a5a8  replay Some(true)
   mir   median 0.0000s  sha 274479e5a5a8  replay Some(true)
== W1_n8 (8 gates)
   rust  median 0.0000s  sha 3f1094c94e4e  replay Some(true)
   eval  median 0.0000s  sha 3f1094c94e4e  replay Some(true)
   mir   median 0.0001s  sha 3f1094c94e4e  replay Some(true)
== W1_n12 (12 gates)
   rust  median 0.0002s  sha 7648e3e74ab5  replay Some(true)
   eval  median 0.0002s  sha 7648e3e74ab5  replay Some(true)
   mir   median 0.0003s  sha 7648e3e74ab5  replay Some(true)
== W1_n16 (16 gates)
   rust  median 0.0028s  sha d047bdb06e47  replay Some(true)
   eval  median 0.0036s  sha d047bdb06e47  replay Some(true)
   mir   median 0.0062s  sha d047bdb06e47  replay Some(true)
== W1_n20 (20 gates)
   rust  median 0.0766s  sha fb987985e667  replay Some(true)
   eval  median 0.0865s  sha fb987985e667  replay Some(true)
   mir   median 0.0806s  sha fb987985e667  replay Some(true)
== W1_n22 (22 gates)
   rust  median 0.2128s  sha d4ab5e29a0a5  replay Some(true)
   eval  median 0.3557s  sha d4ab5e29a0a5  replay Some(true)
   mir   median 0.4120s  sha d4ab5e29a0a5  replay Some(true)
== W1_n24 (24 gates)
   rust  median 1.0441s  sha 67d04fe42c0f  replay Some(true)
== W1_n26 (26 gates)
   rust  median 3.5478s  sha 8da3101e05f6  replay Some(true)
== W2_n16_d10_s1 (240 gates)
   rust  median 0.0376s  sha bc7ed176ed74  replay Some(true)
   eval  median 0.0414s  sha bc7ed176ed74  replay Some(true)
   mir   median 0.0533s  sha bc7ed176ed74  replay Some(true)
== W2_n16_d20_s1 (480 gates)
   rust  median 0.0821s  sha da6a63a9f563  replay Some(true)
   eval  median 0.0932s  sha da6a63a9f563  replay Some(true)
   mir   median 0.0870s  sha da6a63a9f563  replay Some(true)
== W2_n18_d10_s1 (270 gates)
   rust  median 0.2060s  sha 88749e30c561  replay Some(true)
   eval  median 0.1675s  sha 88749e30c561  replay Some(true)
   mir   median 0.2573s  sha 88749e30c561  replay Some(true)
== W2_n18_d20_s1 (540 gates)
   rust  median 0.4175s  sha a8f33e722e99  replay Some(true)
   eval  median 0.3830s  sha a8f33e722e99  replay Some(true)
   mir   median 0.3594s  sha a8f33e722e99  replay Some(true)
== W2_n20_d10_s1 (300 gates)
   rust  median 0.5999s  sha 935a9e26293a  replay Some(true)
   eval  median 0.6040s  sha 935a9e26293a  replay Some(true)
   mir   median 0.5699s  sha 935a9e26293a  replay Some(true)
== W2_n20_d20_s1 (600 gates)
   rust  median 0.9950s  sha 4d9e67a8f782  replay Some(true)
   eval  median 1.5816s  sha 4d9e67a8f782  replay Some(true)
   mir   median 0.9789s  sha 4d9e67a8f782  replay Some(true)
== W2_n22_d10_s1 (330 gates)
   rust  median 1.7336s  sha 33930a52e4d6  replay Some(true)
   eval  median 2.7515s  sha 33930a52e4d6  replay Some(true)
   mir   median 3.5532s  sha 33930a52e4d6  replay Some(true)
== W2_n22_d20_s1 (660 gates)
   rust  median 3.4508s  sha e6718f8c58fc  replay Some(true)
   eval  median 4.9759s  sha e6718f8c58fc  replay Some(true)
   mir   median 4.2283s  sha e6718f8c58fc  replay Some(true)
== W3_n100_d100_s1 (15000 gates)
   rust  median 0.0530s  sha 68283e243213  replay Some(true)
   eval  median 0.3028s  sha 68283e243213  replay Some(true)
   mir   median 0.2839s  sha 68283e243213  replay Some(true)
== W3_n250_d250_s1 (93750 gates)
   rust  median 0.8966s  sha b56b9ecd7a97  replay Some(true)
   eval  median 1.9682s  sha b56b9ecd7a97  replay Some(true)
   mir   median 2.2549s  sha b56b9ecd7a97  replay Some(true)
== W3_n500_d500_s1 (375000 gates)
   rust  median 7.5318s  sha ef962f6c7ea5  replay Some(true)
== W3_n1000_d1000_s1 (1500000 gates)
   rust  median 57.8866s  sha 391f71c35ab3  replay Some(true)
== W6_n16_d10_s1 (240 gates)
   rust  median 0.0267s  sha bc7ed176ed74  replay Some(true)
   eval  median 0.0364s  sha bc7ed176ed74  replay Some(true)
   mir   median 0.0293s  sha bc7ed176ed74  replay Some(true)
== W6_n18_d10_s1 (270 gates)
   rust  median 0.0843s  sha 88749e30c561  replay Some(true)
   eval  median 0.1041s  sha 88749e30c561  replay Some(true)
   mir   median 0.1129s  sha 88749e30c561  replay Some(true)
== W6_n20_d10_s1 (300 gates)
   rust  median 0.5448s  sha 935a9e26293a  replay Some(true)
   eval  median 0.5054s  sha 935a9e26293a  replay Some(true)
   mir   median 0.5690s  sha 935a9e26293a  replay Some(true)
== W4ghz_n50_chi16 (50 gates)
   rust  median 0.0012s  sha 7a12e5613633  replay Some(true)
   eval  median 0.0019s  sha 7a12e5613633  replay Some(true)
   mir   median 0.0022s  sha 7a12e5613633  replay Some(true)
== W4ghz_n100_chi16 (100 gates)
   rust  median 0.0034s  sha 67042dfda568  replay Some(true)
   eval  median 0.0045s  sha 67042dfda568  replay Some(true)
   mir   median 0.0034s  sha 67042dfda568  replay Some(true)
== W4ghz_n250_chi16 (250 gates)
   rust  median 0.0186s  sha 2da42fb1d7bd  replay Some(true)
   eval  median 0.0280s  sha 2da42fb1d7bd  replay Some(true)
   mir   median 0.0227s  sha 2da42fb1d7bd  replay Some(true)
== W4ghz_n500_chi16 (500 gates)
   rust  median 0.1135s  sha fc19b1997119  replay Some(true)
   eval  median 0.0659s  sha fc19b1997119  replay Some(true)
   mir   median 0.0695s  sha fc19b1997119  replay Some(true)
== W4ghz_n1000_chi16 (1000 gates)
   rust  median 0.2084s  sha 668946bab986  replay Some(true)
   eval  median 0.2499s  sha 668946bab986  replay Some(true)
   mir   median 0.2963s  sha 668946bab986  replay Some(true)
== W4brick_n50_d2_chi16_s1 (149 gates)
   rust  median 0.0013s  sha b6b46529f810  replay Some(true)
   eval  median 0.0012s  sha b6b46529f810  replay Some(true)
   mir   median 0.0033s  sha b6b46529f810  replay Some(true)
== W4brick_n50_d2_chi32_s1 (149 gates)
   rust  median 0.0011s  sha b6b46529f810  replay Some(true)
   eval  median 0.0022s  sha b6b46529f810  replay Some(true)
   mir   median 0.0026s  sha b6b46529f810  replay Some(true)
== W4brick_n50_d4_chi16_s1 (298 gates)
   rust  median 0.0071s  sha 480306605eee  replay Some(true)
   eval  median 0.0068s  sha 480306605eee  replay Some(true)
   mir   median 0.0061s  sha 480306605eee  replay Some(true)
== W4brick_n50_d4_chi32_s1 (298 gates)
   rust  median 0.0055s  sha 480306605eee  replay Some(true)
   eval  median 0.0086s  sha 480306605eee  replay Some(true)
   mir   median 0.0104s  sha 480306605eee  replay Some(true)
== W4brick_n50_d8_chi16_s1 (596 gates)
   rust  median 3.4226s  sha 33dc01898722  replay Some(true)
   eval  median 3.2918s  sha 33dc01898722  replay Some(true)
   mir   median 3.2592s  sha 33dc01898722  replay Some(true)
== W4brick_n50_d8_chi32_s1 (596 gates)
   rust  median 6.9049s  sha 88ee28aee961  replay Some(true)
   eval  median 7.1260s  sha 88ee28aee961  replay Some(true)
   mir   median 6.7852s  sha 88ee28aee961  replay Some(true)
== W4brick_n100_d2_chi16_s1 (299 gates)
   rust  median 0.0029s  sha 6f7246171c61  replay Some(true)
   eval  median 0.0043s  sha 6f7246171c61  replay Some(true)
   mir   median 0.0038s  sha 6f7246171c61  replay Some(true)
== W4brick_n100_d2_chi32_s1 (299 gates)
   rust  median 0.0024s  sha 6f7246171c61  replay Some(true)
   eval  median 0.0055s  sha 6f7246171c61  replay Some(true)
   mir   median 0.0037s  sha 6f7246171c61  replay Some(true)
== W4brick_n100_d4_chi16_s1 (598 gates)
   rust  median 0.0148s  sha ed4031ce9535  replay Some(true)
   eval  median 0.0170s  sha ed4031ce9535  replay Some(true)
   mir   median 0.0192s  sha ed4031ce9535  replay Some(true)
== W4brick_n100_d4_chi32_s1 (598 gates)
   rust  median 0.0225s  sha ed4031ce9535  replay Some(true)
   eval  median 0.0169s  sha ed4031ce9535  replay Some(true)
   mir   median 0.0198s  sha ed4031ce9535  replay Some(true)
== W4brick_n100_d8_chi16_s1 (1196 gates)
   rust  median 15.5739s  sha bf69502caf47  replay Some(true)
   eval  median 15.2044s  sha bf69502caf47  replay Some(true)
   mir   median 15.2468s  sha bf69502caf47  replay Some(true)
== W4brick_n100_d8_chi32_s1 (1196 gates)
   rust  median 16.5562s  sha b3f52b3252c4  replay Some(true)
   eval  median 16.4657s  sha b3f52b3252c4  replay Some(true)
   mir   median 16.3662s  sha b3f52b3252c4  replay Some(true)
wrote bench_results/quantum_compare/2026-09-25_after_i7-11390H_win11\results.jsonl
