== W4ghz_n50_chi16 (50 gates)
   rust  median 0.0003s  sha 7a12e5613633  replay Some(true)
   eval  median 0.0008s  sha 7a12e5613633  replay Some(true)
   mir   median 0.0008s  sha 7a12e5613633  replay Some(true)
== W4ghz_n100_chi16 (100 gates)
   rust  median 0.0013s  sha 67042dfda568  replay Some(true)
   eval  median 0.0023s  sha 67042dfda568  replay Some(true)
   mir   median 0.0023s  sha 67042dfda568  replay Some(true)
== W4ghz_n250_chi16 (250 gates)
   rust  median 0.0085s  sha 2da42fb1d7bd  replay Some(true)
   eval  median 0.0103s  sha 2da42fb1d7bd  replay Some(true)
   mir   median 0.0106s  sha 2da42fb1d7bd  replay Some(true)
== W4ghz_n500_chi16 (500 gates)
   rust  median 0.0343s  sha fc19b1997119  replay Some(true)
   eval  median 0.0409s  sha fc19b1997119  replay Some(true)
   mir   median 0.0385s  sha fc19b1997119  replay Some(true)
== W4ghz_n1000_chi16 (1000 gates)
   rust  median 0.1425s  sha 668946bab986  replay Some(true)
   eval  median 0.1447s  sha 668946bab986  replay Some(true)
   mir   median 0.1579s  sha 668946bab986  replay Some(true)
== W4brick_n50_d2_chi16_s1 (149 gates)
   rust  median 0.0006s  sha b6b46529f810  replay Some(true)
   eval  median 0.0011s  sha b6b46529f810  replay Some(true)
   mir   median 0.0012s  sha b6b46529f810  replay Some(true)
== W4brick_n50_d2_chi32_s1 (149 gates)
   rust  median 0.0006s  sha b6b46529f810  replay Some(true)
   eval  median 0.0012s  sha b6b46529f810  replay Some(true)
   mir   median 0.0009s  sha b6b46529f810  replay Some(true)
== W4brick_n50_d4_chi16_s1 (298 gates)
   rust  median 0.0031s  sha 480306605eee  replay Some(true)
   eval  median 0.0045s  sha 480306605eee  replay Some(true)
   mir   median 0.0046s  sha 480306605eee  replay Some(true)
== W4brick_n50_d4_chi32_s1 (298 gates)
   rust  median 0.0045s  sha 480306605eee  replay Some(true)
   eval  median 0.0043s  sha 480306605eee  replay Some(true)
   mir   median 0.0048s  sha 480306605eee  replay Some(true)
== W4brick_n50_d8_chi16_s1 (596 gates)
   rust  median 0.5534s  sha 3ad47660b139  replay Some(true)
   eval  median 0.6510s  sha 3ad47660b139  replay Some(true)
   mir   median 0.7278s  sha 3ad47660b139  replay Some(true)
== W4brick_n50_d8_chi32_s1 (596 gates)
   rust  median 3.1883s  sha b5caddf1d8ae  replay Some(true)
   eval  median 3.8064s  sha b5caddf1d8ae  replay Some(true)
   mir   median 3.2565s  sha b5caddf1d8ae  replay Some(true)
== W4brick_n100_d2_chi16_s1 (299 gates)
   rust  median 0.0033s  sha 6f7246171c61  replay Some(true)
   eval  median 0.0029s  sha 6f7246171c61  replay Some(true)
   mir   median 0.0032s  sha 6f7246171c61  replay Some(true)
== W4brick_n100_d2_chi32_s1 (299 gates)
   rust  median 0.0021s  sha 6f7246171c61  replay Some(true)
   eval  median 0.0030s  sha 6f7246171c61  replay Some(true)
   mir   median 0.0031s  sha 6f7246171c61  replay Some(true)
== W4brick_n100_d4_chi16_s1 (598 gates)
   rust  median 0.0131s  sha ed4031ce9535  replay Some(true)
   eval  median 0.0174s  sha ed4031ce9535  replay Some(true)
   mir   median 0.0169s  sha ed4031ce9535  replay Some(true)
== W4brick_n100_d4_chi32_s1 (598 gates)
   rust  median 0.0140s  sha ed4031ce9535  replay Some(true)
   eval  median 0.0164s  sha ed4031ce9535  replay Some(true)
   mir   median 0.0165s  sha ed4031ce9535  replay Some(true)
== W4brick_n100_d8_chi16_s1 (1196 gates)
   rust  median 3.5339s  sha 63430be10058  replay Some(true)
   eval  median 3.5090s  sha 63430be10058  replay Some(true)
   mir   median 3.7723s  sha 63430be10058  replay Some(true)
== W4brick_n100_d8_chi32_s1 (1196 gates)
   rust  median 13.0265s  sha 35c7865a0413  replay Some(true)
   eval  median 13.0243s  sha 35c7865a0413  replay Some(true)
   mir   median 12.8341s  sha 35c7865a0413  replay Some(true)
wrote bench_results/quantum_compare/2026-09-25_after-mps_i7-11390H_win11\results.jsonl
