== W1_n2 (2 gates)
   rust  median 0.0000s  sha bd58c72f3b71  replay Some(true)
   eval  median 0.0000s  sha bd58c72f3b71  replay Some(true)
   mir   median 0.0000s  sha bd58c72f3b71  replay Some(true)
== W1_n4 (4 gates)
   rust  median 0.0000s  sha 274479e5a5a8  replay Some(true)
   eval  median 0.0000s  sha 274479e5a5a8  replay Some(true)
   mir   median 0.0000s  sha 274479e5a5a8  replay Some(true)
== W1_n8 (8 gates)
   rust  median 0.0003s  sha 3f1094c94e4e  replay Some(true)
   eval  median 0.0000s  sha 3f1094c94e4e  replay Some(true)
   mir   median 0.0000s  sha 3f1094c94e4e  replay Some(true)
== W1_n12 (12 gates)
   rust  median 0.0027s  sha 7648e3e74ab5  replay Some(true)
   eval  median 0.0002s  sha 7648e3e74ab5  replay Some(true)
   mir   median 0.0002s  sha 7648e3e74ab5  replay Some(true)
== W1_n16 (16 gates)
   rust  median 0.0503s  sha d047bdb06e47  replay Some(true)
   eval  median 0.0017s  sha d047bdb06e47  replay Some(true)
   mir   median 0.0017s  sha d047bdb06e47  replay Some(true)
== W1_n20 (20 gates)
   rust  median 0.9026s  sha fb987985e667  replay Some(true)
   eval  median 0.0468s  sha fb987985e667  replay Some(true)
   mir   median 0.0426s  sha fb987985e667  replay Some(true)
== W1_n22 (22 gates)
   rust  median 4.5748s  sha d4ab5e29a0a5  replay Some(true)
   eval  median 0.2376s  sha d4ab5e29a0a5  replay Some(true)
   mir   median 0.2397s  sha d4ab5e29a0a5  replay Some(true)
== W1_n24 (24 gates)
   rust  median 17.9244s  sha 67d04fe42c0f  replay Some(true)
== W1_n26 (26 gates)
   rust  median 71.0227s  sha 8da3101e05f6  replay Some(true)
== W2_n16_d10_s1 (240 gates)
   rust  median 0.1749s  sha bc7ed176ed74  replay Some(true)
   eval  median 0.0246s  sha bc7ed176ed74  replay Some(true)
   mir   median 0.0238s  sha bc7ed176ed74  replay Some(true)
== W2_n16_d20_s1 (480 gates)
   rust  median 0.1638s  sha da6a63a9f563  replay Some(true)
   eval  median 0.0457s  sha da6a63a9f563  replay Some(true)
   mir   median 0.0456s  sha da6a63a9f563  replay Some(true)
== W2_n18_d10_s1 (270 gates)
   rust  median 0.6152s  sha 88749e30c561  replay Some(true)
   eval  median 0.0746s  sha 88749e30c561  replay Some(true)
   mir   median 0.0691s  sha 88749e30c561  replay Some(true)
== W2_n18_d20_s1 (540 gates)
   rust  median 0.6132s  sha a8f33e722e99  replay Some(true)
   eval  median 0.1774s  sha a8f33e722e99  replay Some(true)
   mir   median 0.1978s  sha a8f33e722e99  replay Some(true)
== W2_n20_d10_s1 (300 gates)
   rust  median 2.4302s  sha 935a9e26293a  replay Some(true)
   eval  median 0.4537s  sha 935a9e26293a  replay Some(true)
   mir   median 0.5187s  sha 935a9e26293a  replay Some(true)
== W2_n20_d20_s1 (600 gates)
   rust  median 2.9688s  sha 4d9e67a8f782  replay Some(true)
   eval  median 0.8965s  sha 4d9e67a8f782  replay Some(true)
   mir   median 0.9254s  sha 4d9e67a8f782  replay Some(true)
== W2_n22_d10_s1 (330 gates)
   rust  median 10.3853s  sha 33930a52e4d6  replay Some(true)
   eval  median 2.1782s  sha 33930a52e4d6  replay Some(true)
   mir   median 2.0975s  sha 33930a52e4d6  replay Some(true)
== W2_n22_d20_s1 (660 gates)
   rust  median 12.3358s  sha e6718f8c58fc  replay Some(true)
   eval  median 4.1852s  sha e6718f8c58fc  replay Some(true)
   mir   median 4.0874s  sha e6718f8c58fc  replay Some(true)
== W3_n100_d100_s1 (15000 gates)
   rust  median 0.0239s  sha 68283e243213  replay Some(true)
   eval  median 0.0877s  sha 68283e243213  replay Some(true)
   mir   median 0.1095s  sha 68283e243213  replay Some(true)
== W3_n250_d250_s1 (93750 gates)
   rust  median 0.3838s  sha b56b9ecd7a97  replay Some(true)
   eval  median 0.8200s  sha b56b9ecd7a97  replay Some(true)
   mir   median 0.9123s  sha b56b9ecd7a97  replay Some(true)
== W3_n500_d500_s1 (375000 gates)
   rust  median 3.4595s  sha ef962f6c7ea5  replay Some(true)
== W3_n1000_d1000_s1 (1500000 gates)
   rust  median 28.6300s  sha 391f71c35ab3  replay Some(true)
== W4ghz_n50_chi16 (50 gates)
   rust  median 0.0007s  sha 7a12e5613633  replay Some(true)
   eval  median 0.0007s  sha 7a12e5613633  replay Some(true)
   mir   median 0.0008s  sha 7a12e5613633  replay Some(true)
== W4ghz_n100_chi16 (100 gates)
   rust  median 0.0029s  sha 67042dfda568  replay Some(true)
   eval  median 0.0023s  sha 67042dfda568  replay Some(true)
   mir   median 0.0021s  sha 67042dfda568  replay Some(true)
== W4ghz_n250_chi16 (250 gates)
   rust  median 0.0104s  sha 2da42fb1d7bd  replay Some(true)
   eval  median 0.0131s  sha 2da42fb1d7bd  replay Some(true)
   mir   median 0.0127s  sha 2da42fb1d7bd  replay Some(true)
== W4ghz_n500_chi16 (500 gates)
   rust  median 0.0368s  sha fc19b1997119  replay Some(true)
   eval  median 0.0385s  sha fc19b1997119  replay Some(true)
   mir   median 0.0405s  sha fc19b1997119  replay Some(true)
== W4ghz_n1000_chi16 (1000 gates)
   rust  median 0.1566s  sha 668946bab986  replay Some(true)
   eval  median 0.1568s  sha 668946bab986  replay Some(true)
   mir   median 0.2222s  sha 668946bab986  replay Some(true)
== W4brick_n50_d2_chi16_s1 (149 gates)
   rust  median 0.0042s  sha 86f3ccf8d913  replay Some(true)
   eval  median 0.0062s  sha 86f3ccf8d913  replay Some(true)
   mir   median 0.0043s  sha 86f3ccf8d913  replay Some(true)
== W4brick_n50_d2_chi32_s1 (149 gates)
   rust  median 0.0033s  sha 86f3ccf8d913  replay Some(true)
   eval  median 0.0040s  sha 86f3ccf8d913  replay Some(true)
   mir   median 0.0039s  sha 86f3ccf8d913  replay Some(true)
== W4brick_n50_d4_chi16_s1 (298 gates)
   rust  median 0.1575s  sha 3da75d34e92a  replay Some(true)
   eval  median 0.1621s  sha 3da75d34e92a  replay Some(true)
   mir   median 0.1581s  sha 3da75d34e92a  replay Some(true)
== W4brick_n50_d4_chi32_s1 (298 gates)
   rust  median 0.1694s  sha 3da75d34e92a  replay Some(true)
   eval  median 0.1571s  sha 3da75d34e92a  replay Some(true)
   mir   median 0.1579s  sha 3da75d34e92a  replay Some(true)
== W4brick_n50_d8_chi16_s1 (596 gates)
   rust  median 2.2818s  sha df86a4bb5b76  replay Some(true)
   eval  median 2.2782s  sha df86a4bb5b76  replay Some(true)
   mir   median 2.2186s  sha df86a4bb5b76  replay Some(true)
== W4brick_n50_d8_chi32_s1 (596 gates)
   rust  median 18.3893s  sha 8a254390ce42  replay Some(true)
   eval  median 18.7635s  sha 8a254390ce42  replay Some(true)
   mir   median 18.7280s  sha 8a254390ce42  replay Some(true)
== W4brick_n100_d2_chi16_s1 (299 gates)
   rust  median 0.0101s  sha a9776c067c56  replay Some(true)
   eval  median 0.0133s  sha a9776c067c56  replay Some(true)
   mir   median 0.0146s  sha a9776c067c56  replay Some(true)
== W4brick_n100_d2_chi32_s1 (299 gates)
   rust  median 0.0121s  sha a9776c067c56  replay Some(true)
   eval  median 0.0129s  sha a9776c067c56  replay Some(true)
   mir   median 0.0143s  sha a9776c067c56  replay Some(true)
== W4brick_n100_d4_chi16_s1 (598 gates)
   rust  median 0.5188s  sha 3901b1e15b94  replay Some(true)
   eval  median 0.5371s  sha 3901b1e15b94  replay Some(true)
   mir   median 0.5185s  sha 3901b1e15b94  replay Some(true)
== W4brick_n100_d4_chi32_s1 (598 gates)
   rust  median 0.5177s  sha 3901b1e15b94  replay Some(true)
   eval  median 0.5174s  sha 3901b1e15b94  replay Some(true)
   mir   median 0.5035s  sha 3901b1e15b94  replay Some(true)
== W4brick_n100_d8_chi16_s1 (1196 gates)
   rust  median 5.5331s  sha dc4bc03dfd1d  replay Some(true)
   eval  median 6.0810s  sha dc4bc03dfd1d  replay Some(true)
   mir   median 5.5778s  sha dc4bc03dfd1d  replay Some(true)
== W4brick_n100_d8_chi32_s1 (1196 gates)
   rust  median 53.8375s  sha d0ef70ceaf2f  replay Some(true)
   eval  median 54.0442s  sha d0ef70ceaf2f  replay Some(true)
   mir   median 53.8593s  sha d0ef70ceaf2f  replay Some(true)
wrote bench_results/quantum_compare/2026-09-25_baseline_i7-11390H_win11\results.jsonl
