W4ghz_n50_chi16              aer-1t-nofusion  median 0.0079s linf 0.0
W4ghz_n50_chi16              aer-default      median 0.0070s linf 0.0
W4ghz_n100_chi16             aer-1t-nofusion  median 0.0144s linf 0.0
W4ghz_n100_chi16             aer-default      median 0.0135s linf 0.0
W4ghz_n250_chi16             aer-1t-nofusion  median 0.0318s linf 0.0
W4ghz_n250_chi16             aer-default      median 0.0453s linf 0.0
W4ghz_n500_chi16             aer-1t-nofusion  median 0.0922s linf 0.0
W4ghz_n500_chi16             aer-default      median 0.0661s linf 0.0
W4ghz_n1000_chi16            aer-1t-nofusion  median 0.1547s linf 0.0
W4ghz_n1000_chi16            aer-default      median 0.1388s linf 0.0
W4brick_n50_d2_chi16_s1      aer-1t-nofusion  median 0.0083s linf 1.3932022202567396e-11
W4brick_n50_d2_chi16_s1      aer-default      median 0.0109s linf 1.3932022202567396e-11
W4brick_n50_d2_chi32_s1      aer-1t-nofusion  median 0.0116s linf 1.3932022202567396e-11
W4brick_n50_d2_chi32_s1      aer-default      median 0.0107s linf 1.3932022202567396e-11
W4brick_n50_d4_chi16_s1      aer-1t-nofusion  median 0.0157s linf 4.0459247063751036e-11
W4brick_n50_d4_chi16_s1      aer-default      median 0.0115s linf 4.0459247063751036e-11
W4brick_n50_d4_chi32_s1      aer-1t-nofusion  median 0.0129s linf 4.0459247063751036e-11
W4brick_n50_d4_chi32_s1      aer-default      median 0.0116s linf 4.0459247063751036e-11
W4brick_n50_d8_chi16_s1      aer-1t-nofusion  median 0.0255s linf 8.486805702645484e-11
W4brick_n50_d8_chi16_s1      aer-default      median 0.0230s linf 8.486805702645484e-11
W4brick_n50_d8_chi32_s1      aer-1t-nofusion  median 0.0253s linf 8.486569780252751e-11
W4brick_n50_d8_chi32_s1      aer-default      median 0.0239s linf 8.486569780252751e-11
W4brick_n100_d2_chi16_s1     aer-1t-nofusion  median 0.0160s linf 4.766242955867028e-12
W4brick_n100_d2_chi16_s1     aer-default      median 0.0226s linf 4.766242955867028e-12
W4brick_n100_d2_chi32_s1     aer-1t-nofusion  median 0.0260s linf 4.766242955867028e-12
W4brick_n100_d2_chi32_s1     aer-default      median 0.0169s linf 4.766242955867028e-12
W4brick_n100_d4_chi16_s1     aer-1t-nofusion  median 0.0249s linf 2.2345902905840376e-11
W4brick_n100_d4_chi16_s1     aer-default      median 0.0210s linf 2.2345902905840376e-11
W4brick_n100_d4_chi32_s1     aer-1t-nofusion  median 0.0226s linf 2.2345902905840376e-11
W4brick_n100_d4_chi32_s1     aer-default      median 0.0227s linf 2.2345902905840376e-11
W4brick_n100_d8_chi16_s1     aer-1t-nofusion  median 0.0471s linf 7.755146524957013e-11
W4brick_n100_d8_chi16_s1     aer-default      median 0.0451s linf 7.755146524957013e-11
W4brick_n100_d8_chi32_s1     aer-1t-nofusion  median 0.0569s linf 7.717293470932418e-11
W4brick_n100_d8_chi32_s1     aer-default      median 0.0592s linf 7.717293470932418e-11
wrote bench_results/quantum_compare/2026-09-25_after-mps_i7-11390H_win11\results_aer.jsonl
