W1_n2                        aer-1t-nofusion  median 0.0009s linf 0.0
W1_n2                        aer-default      median 0.0007s linf 0.0
W1_n4                        aer-1t-nofusion  median 0.0008s linf 0.0
W1_n4                        aer-default      median 0.0014s linf 0.0
W1_n8                        aer-1t-nofusion  median 0.0013s linf 0.0
W1_n8                        aer-default      median 0.0013s linf 0.0
W1_n12                       aer-1t-nofusion  median 0.0164s linf 0.0
W1_n12                       aer-default      median 0.0158s linf 0.0
W1_n16                       aer-1t-nofusion  median 0.4865s linf 0.0
W1_n16                       aer-default      median 0.4660s linf 0.0
W1_n20                       aer-1t-nofusion  median 9.4911s linf 0.0
W1_n20                       aer-default      median 9.6357s linf 0.0
W1_n22                       aer-1t-nofusion  median 54.9788s linf 0.0
W1_n22                       aer-default      median 53.1890s linf 0.0
W2_n16_d10_s1                aer-1t-nofusion  median 1.2091s linf 3.7730235602495554e-17
W2_n16_d10_s1                aer-default      median 1.8148s linf 3.4737810535209724e-17
W2_n16_d20_s1                aer-1t-nofusion  median 4.6194s linf 7.48950663463744e-17
W2_n16_d20_s1                aer-default      median 1.2229s linf 6.619851161367215e-17
W2_n18_d10_s1                aer-1t-nofusion  median 5.5773s linf 1.9991700259847277e-17
W2_n18_d10_s1                aer-default      median 4.3777s linf 1.8297015907360072e-17
W2_n18_d20_s1                aer-1t-nofusion  median 4.9925s linf 4.0320661043207817e-17
W2_n18_d20_s1                aer-default      median 4.9883s linf 3.6232472879977847e-17
W2_n20_d10_s1                aer-1t-nofusion  median 20.7618s linf 1.202829350736035e-17
W2_n20_d10_s1                aer-default      median 19.5010s linf 1.0426395233446943e-17
W2_n20_d20_s1                aer-1t-nofusion  median 23.3870s linf 2.4597773319047554e-17
W2_n20_d20_s1                aer-default      median 16.2988s linf 2.0749941465440027e-17
W2_n22_d10_s1                aer-1t-nofusion  median 108.1266s linf 8.02602581761742e-18
W2_n22_d10_s1                aer-default      median 91.6472s linf 7.401218598874012e-18
W2_n22_d20_s1                aer-1t-nofusion  median 110.3989s linf 1.5029404327983554e-17
W2_n22_d20_s1                aer-default      median 91.1661s linf 1.3159999342957719e-17
W4ghz_n50_chi16              aer-1t-nofusion  median 0.0203s linf 0.0
W4ghz_n50_chi16              aer-default      median 0.0265s linf 0.0
W4ghz_n100_chi16             aer-1t-nofusion  median 0.0451s linf 0.0
W4ghz_n100_chi16             aer-default      median 0.0452s linf 0.0
W4ghz_n250_chi16             aer-1t-nofusion  median 0.0852s linf 0.0
W4ghz_n250_chi16             aer-default      median 0.0842s linf 0.0
W4ghz_n500_chi16             aer-1t-nofusion  median 0.1551s linf 0.0
W4ghz_n500_chi16             aer-default      median 0.1398s linf 0.0
W4ghz_n1000_chi16            aer-1t-nofusion  median 0.3273s linf 0.0
W4ghz_n1000_chi16            aer-default      median 0.4142s linf 0.0
W4brick_n50_d2_chi16_s1      aer-1t-nofusion  median 0.0244s linf 1.3929191133854602e-11
W4brick_n50_d2_chi16_s1      aer-default      median 0.0201s linf 1.3929191133854602e-11
W4brick_n50_d2_chi32_s1      aer-1t-nofusion  median 0.0315s linf 1.3929191133854602e-11
W4brick_n50_d2_chi32_s1      aer-default      median 0.0211s linf 1.3929191133854602e-11
W4brick_n50_d4_chi16_s1      aer-1t-nofusion  median 0.0242s linf 4.0454417593593917e-11
W4brick_n50_d4_chi16_s1      aer-default      median 0.0306s linf 4.0454417593593917e-11
W4brick_n50_d4_chi32_s1      aer-1t-nofusion  median 0.0350s linf 4.0454417593593917e-11
W4brick_n50_d4_chi32_s1      aer-default      median 0.0345s linf 4.0454417593593917e-11
W4brick_n50_d8_chi16_s1      aer-1t-nofusion  median 0.0596s linf 0.5257075280991906
W4brick_n50_d8_chi16_s1      aer-default      median 0.0433s linf 0.5257075280991906
W4brick_n50_d8_chi32_s1      aer-1t-nofusion  median 0.0563s linf 0.5257075280991711
W4brick_n50_d8_chi32_s1      aer-default      median 0.0574s linf 0.5257075280991711
W4brick_n100_d2_chi16_s1     aer-1t-nofusion  median 0.0336s linf 4.788558438661994e-12
W4brick_n100_d2_chi16_s1     aer-default      median 0.0437s linf 4.788558438661994e-12
W4brick_n100_d2_chi32_s1     aer-1t-nofusion  median 0.0400s linf 4.788558438661994e-12
W4brick_n100_d2_chi32_s1     aer-default      median 0.0533s linf 4.788558438661994e-12
W4brick_n100_d4_chi16_s1     aer-1t-nofusion  median 0.0749s linf 2.223132788969906e-11
W4brick_n100_d4_chi16_s1     aer-default      median 0.0614s linf 2.223132788969906e-11
W4brick_n100_d4_chi32_s1     aer-1t-nofusion  median 0.0591s linf 2.223132788969906e-11
W4brick_n100_d4_chi32_s1     aer-default      median 0.0578s linf 2.223132788969906e-11
W4brick_n100_d8_chi16_s1     aer-1t-nofusion  median 0.1161s linf 0.7714367381719928
W4brick_n100_d8_chi16_s1     aer-default      median 0.1320s linf 0.7714367381719928
W4brick_n100_d8_chi32_s1     aer-1t-nofusion  median 0.1093s linf 0.7714367381719928
W4brick_n100_d8_chi32_s1     aer-default      median 0.1295s linf 0.7714367381719928
wrote bench_results/quantum_compare/2026-09-25_baseline_i7-11390H_win11\results_aer.jsonl
